Microchip MPLAB XC8 Compiler V1.32 ()

Linker command line:

--edf=C:\Program Files (x86)\Microchip\xc8\v1.32\dat\en_msgs.txt -cs \
  -h+dist/default/production\MEMS_MLX90632_Con_v85.X.production.sym \
  --cmf=dist/default/production\MEMS_MLX90632_Con_v85.X.production.cmf -z \
  -Q16F690 -oC:\Users\KCYun\AppData\Local\Temp\sai4.6 \
  -Mdist/default/production/MEMS_MLX90632_Con_v85.X.production.map -E1 \
  -ver=XC8 -ASTACK=0120h-016fh -pstack=STACK -ACONST=00h-0FFhx16 \
  -ACODE=00h-07FFhx2 -ASTRCODE=00h-0FFFh -AENTRY=00h-0FFhx16 \
  -ASTRING=00h-0FFhx16 -ACOMMON=070h-07Fh -ABANK0=020h-06Fh \
  -ABANK1=0A0h-0EFh -ABANK2=0120h-016Fh \
  -ARAM=020h-06Fh,0A0h-0EFh,0120h-016Fh \
  -AABS1=020h-07Fh,0A0h-0EFh,0120h-016Fh -ASFR0=00h-01Fh -ASFR1=080h-09Fh \
  -ASFR2=0100h-011Fh -ASFR3=0180h-01EFh \
  -preset_vec=00h,intentry=04h,init,end_init -ppowerup=CODE -pcinit=CODE \
  -pfunctab=CODE -ACONFIG=02007h-02007h -pconfig=CONFIG -DCONFIG=2 \
  -AIDLOC=02000h-02003h -pidloc=IDLOC -DIDLOC=2 -AEEDATA=00h-0FFh/02100h \
  -peeprom_data=EEDATA -DEEDATA=2 -DCODE=2 -DSTRCODE=2 -DSTRING=2 -DCONST=2 \
  -DENTRY=2 -k C:\Users\KCYun\AppData\Local\Temp\sai4.obj \
  dist/default/production\MEMS_MLX90632_Con_v85.X.production.obj 

Object code version is 3.11

Machine type is 16F690



                Name                               Link     Load   Length Selector   Space Scale
C:\Users\KCYun\AppData\Local\Temp\sai4.obj
                end_init                             11       11        2        8       0
                reset_vec                             0        0        2        0       0
                config                             2007     2007        1     400E       0
dist/default/production\MEMS_MLX90632_Con_v85.X.production.obj
                cinit                                13       13        F        8       0
                intentry                              4        4        D        8       0
                text47                              9A4      9A4        B     1348       0
                text46                              B7D      B7D       35     16FA       0
                text45                              98E      98E        2     131C       0
                text44                              EAD      EAD       71     1D5A       0
                text43                              F1E      F1E       71     1E3C       0
                text42                              14E      14E       FF        8       0
                text41                              24D      24D       D1        8       0
                text40                              6A8      6A8       7D        8       0
                text39                              F8F      F8F       71     1F1E       0
                text38                              31E      31E       AB        8       0
                text37                              61E      61E       8A        8       0
                text36                              DDA      DDA       68     1BB4       0
                text35                              D30      D30       53     1A60       0
                text34                              CE9      CE9       47     19D2       0
                text33                              9BC      9BC       11     1378       0
                text32                               22       22      12C        8       0
                text31                              ABB      ABB       1D     1576       0
                text30                              E42      E42       6B     1C84       0
                text29                              725      725       7B        8       0
                text28                              BEA      BEA       3D     17D4       0
                text27                              990      990        A     1320       0
                text26                              A0A      A0A       16     1414       0
                text25                              463      463       9A        8       0
                text24                              99A      99A        A     1334       0
                text23                                2        2        2        0       0
                text22                              A20      A20       18     1440       0
                text21                              A38      A38       18     1470       0
                text20                              BB2      BB2       38     1764       0
                text19                              B4C      B4C       31     1698       0
                text18                              A68      A68       1B     14D0       0
                text17                              A50      A50       18     14A0       0
                text16                              AD8      AD8       22     15B0       0
                text15                              D83      D83       57     1B06       0
                text14                              A83      A83       1C     1506       0
                text13                              9AF      9AF        D     135E       0
                text12                              7A0      7A0       57        8       0
                text11                              A9F      A9F       1C     153E       0
                text10                              9CD      9CD       14     139A       0
                text9                               9F5      9F5       15     13EA       0
                text8                               C27      C27       3D     184E       0
                text7                               C64      C64       40     18C8       0
                text6                               CA4      CA4       45     1948       0
                text5                               3C9      3C9       9A        8       0
                text4                               AFA      AFA       29     15F4       0
                text3                               B23      B23       29     1646       0
                text2                               594      594       8A        8       0
                text1                               9E1      9E1       14     13C2       0
                maintext                            4FD      4FD       97        8       0
                cstackBANK0                          20       20       2A       20       1
                cstackCOMMON                         70       70        A       70       1
                clrtext                             7F7      7F7        8        8       0
                bssBANK1                             A0       A0       2A       A0       1
                bssBANK0                             4A       4A       21       20       1
                strings                             800      800       3B     1000       0

TOTAL           Name                               Link     Load   Length     Space
        CLASS   STACK          

        CLASS   CONST          

        CLASS   CODE           
                end_init                             11       11        2         0
                cinit                                13       13        F         0
                intentry                              4        4        D         0
                reset_vec                             0        0        2         0
                text47                              9A4      9A4        B         0
                text46                              B7D      B7D       35         0
                text45                              98E      98E        2         0
                text44                              EAD      EAD       71         0
                text43                              F1E      F1E       71         0
                text42                              14E      14E       FF         0
                text41                              24D      24D       D1         0
                text40                              6A8      6A8       7D         0
                text39                              F8F      F8F       71         0
                text38                              31E      31E       AB         0
                text37                              61E      61E       8A         0
                text36                              DDA      DDA       68         0
                text35                              D30      D30       53         0
                text34                              CE9      CE9       47         0
                text33                              9BC      9BC       11         0
                text32                               22       22      12C         0
                text31                              ABB      ABB       1D         0
                text30                              E42      E42       6B         0
                text29                              725      725       7B         0
                text28                              BEA      BEA       3D         0
                text27                              990      990        A         0
                text26                              A0A      A0A       16         0
                text25                              463      463       9A         0
                text24                              99A      99A        A         0
                text23                                2        2        2         0
                text22                              A20      A20       18         0
                text21                              A38      A38       18         0
                text20                              BB2      BB2       38         0
                text19                              B4C      B4C       31         0
                text18                              A68      A68       1B         0
                text17                              A50      A50       18         0
                text16                              AD8      AD8       22         0
                text15                              D83      D83       57         0
                text14                              A83      A83       1C         0
                text13                              9AF      9AF        D         0
                text12                              7A0      7A0       57         0
                text11                              A9F      A9F       1C         0
                text10                              9CD      9CD       14         0
                text9                               9F5      9F5       15         0
                text8                               C27      C27       3D         0
                text7                               C64      C64       40         0
                text6                               CA4      CA4       45         0
                text5                               3C9      3C9       9A         0
                text4                               AFA      AFA       29         0
                text3                               B23      B23       29         0
                text2                               594      594       8A         0
                text1                               9E1      9E1       14         0
                maintext                            4FD      4FD       97         0
                clrtext                             7F7      7F7        8         0

        CLASS   STRCODE        

        CLASS   ENTRY          

        CLASS   STRING         
                strings                             800      800       3B         0

        CLASS   COMMON         
                cstackCOMMON                         70       70        A         1

        CLASS   BANK0          
                cstackBANK0                          20       20       2A         1
                bssBANK0                             4A       4A       21         1

        CLASS   BANK1          
                bssBANK1                             A0       A0       2A         1

        CLASS   BANK2          

        CLASS   RAM            

        CLASS   ABS1           
                abs_s1                               7E       7E        2         1

        CLASS   SFR0           

        CLASS   SFR1           

        CLASS   SFR2           

        CLASS   SFR3           

        CLASS   CONFIG         
                config                             2007     2007        1         0

        CLASS   IDLOC          

        CLASS   EEDATA         

        CLASS   BANK3          



SEGMENTS        Name                           Load    Length   Top    Selector   Space  Class     Delta

                reset_vec                      000000  000004  000004         0       0  CODE        2
                intentry                       000004  0007FB  0007FF         8       0  CODE        2
                cstackBANK0                    000020  00004B  00006B        20       1  BANK0       1
                cstackCOMMON                   000070  00000A  00007A        70       1  COMMON      1
                bssBANK1                       0000A0  00002A  0000CA        A0       1  BANK1       1
                strings                        000800  00003B  00083B      1000       0  STRING      2
                text45                         00098E  000002  000990      131C       0  CODE        2
                text27                         000990  00000A  00099A      1320       0  CODE        2
                text24                         00099A  00000A  0009A4      1334       0  CODE        2
                text47                         0009A4  00000B  0009AF      1348       0  CODE        2
                text13                         0009AF  00000D  0009BC      135E       0  CODE        2
                text33                         0009BC  000011  0009CD      1378       0  CODE        2
                text10                         0009CD  000014  0009E1      139A       0  CODE        2
                text1                          0009E1  000014  0009F5      13C2       0  CODE        2
                text9                          0009F5  000015  000A0A      13EA       0  CODE        2
                text26                         000A0A  000016  000A20      1414       0  CODE        2
                text22                         000A20  000018  000A38      1440       0  CODE        2
                text21                         000A38  000018  000A50      1470       0  CODE        2
                text17                         000A50  000018  000A68      14A0       0  CODE        2
                text18                         000A68  00001B  000A83      14D0       0  CODE        2
                text14                         000A83  00001C  000A9F      1506       0  CODE        2
                text11                         000A9F  00001C  000ABB      153E       0  CODE        2
                text31                         000ABB  00001D  000AD8      1576       0  CODE        2
                text16                         000AD8  000022  000AFA      15B0       0  CODE        2
                text4                          000AFA  000029  000B23      15F4       0  CODE        2
                text3                          000B23  000029  000B4C      1646       0  CODE        2
                text19                         000B4C  000031  000B7D      1698       0  CODE        2
                text46                         000B7D  000035  000BB2      16FA       0  CODE        2
                text20                         000BB2  000038  000BEA      1764       0  CODE        2
                text28                         000BEA  00003D  000C27      17D4       0  CODE        2
                text8                          000C27  00003D  000C64      184E       0  CODE        2
                text7                          000C64  000040  000CA4      18C8       0  CODE        2
                text6                          000CA4  000045  000CE9      1948       0  CODE        2
                text34                         000CE9  000047  000D30      19D2       0  CODE        2
                text35                         000D30  000053  000D83      1A60       0  CODE        2
                text15                         000D83  000057  000DDA      1B06       0  CODE        2
                text36                         000DDA  000068  000E42      1BB4       0  CODE        2
                text30                         000E42  00006B  000EAD      1C84       0  CODE        2
                text44                         000EAD  000071  000F1E      1D5A       0  CODE        2
                text43                         000F1E  000071  000F8F      1E3C       0  CODE        2
                text39                         000F8F  000071  001000      1F1E       0  CODE        2
                config                         002007  000001  002008      400E       0  CONFIG      2


UNUSED ADDRESS RANGES

        Name                Unused          Largest block    Delta
        BANK0            006B-006F              5           1
        BANK1            00CA-00EF             26           1
        BANK2            0120-016F             50           1
        CODE             07FF-07FF              1           2
                         083B-098D            153
        COMMON           007A-007D              4           1
        CONST            07FF-07FF              1           2
                         083B-098D             C5
        EEDATA           2100-21FF            100           2
        ENTRY            07FF-07FF              1           2
                         083B-098D             C5
        IDLOC            2000-2003              4           2
        RAM              006B-006F              5           1
                         00CA-00EF             26
                         0120-016F             50
        SFR0             0000-001F             20           1
        SFR1             0080-009F             20           1
        SFR2             0100-011F             20           1
        SFR3             0180-01EF             70           1
        STACK            0120-016F             50           1
        STRCODE          07FF-07FF              1           2
                         083B-098D            153
        STRING           07FF-07FF              1           2
                         083B-098D             C5

                                  Symbol Table

?___lwdiv                            cstackCOMMON 0074
AK8963_ReadData@Read                 cstackBANK0  0020
AK8963_ReadData@i                    cstackBANK0  0025
AK8963_ReadData@num                  cstackBANK0  0021
AK8963_ReadData@reg_add              cstackBANK0  0024
AK8963_WriteReg@reg_add              cstackCOMMON 0079
AK8963_WriteReg@reg_dat              cstackCOMMON 0078
Delay_ms@a                           cstackCOMMON 0076
Delay_ms@ms                          cstackCOMMON 0074
GPIO_ReadBit@I2C_Index               cstackCOMMON 0074
GPIO_ReadBit@bitVal                  cstackCOMMON 0075
GPIO_ReadBit@tempval                 cstackCOMMON 0076
IIC_Ack@I2C_Index                    cstackCOMMON 0074
IIC_NAck@I2C_Index                   cstackCOMMON 0074
IIC_Read_Byte@I2C_Index              cstackBANK0  0020
IIC_Read_Byte@ack                    cstackCOMMON 0077
IIC_Read_Byte@bytes                  cstackBANK0  0021
IIC_Read_Byte@i                      cstackBANK0  0024
IIC_Read_Byte@nbit                   cstackBANK0  0022
IIC_Read_Byte@receive                cstackBANK0  0023
IIC_Send_Byte@I2C_Index              cstackCOMMON 0076
IIC_Send_Byte@data                   cstackCOMMON 0074
IIC_Send_Byte@i                      cstackCOMMON 0077
IIC_Start@I2C_Index                  cstackCOMMON 0074
IIC_Stop@I2C_Index                   cstackCOMMON 0074
IIC_Wait_Ack@I2C_Index               cstackBANK0  0020
IIC_Wait_Ack@nbit                    cstackBANK0  0022
IIC_Wait_Ack@ucErrTime               cstackBANK0  0021
MEMS_SDA_ReadBit@bitVal              cstackCOMMON 0074
MEMS_i2c_ReadByte@ack                cstackCOMMON 0076
MEMS_i2c_ReadByte@i                  cstackCOMMON 0079
MEMS_i2c_ReadByte@nbit               cstackCOMMON 0077
MEMS_i2c_ReadByte@value              cstackCOMMON 0078
MEMS_i2c_SendByte@_ucByte            cstackCOMMON 0075
MEMS_i2c_SendByte@i                  cstackCOMMON 0076
MEMS_i2c_WaitAck@re                  cstackCOMMON 0076
MEMS_i2c_WaitAck@ucErrTime           cstackCOMMON 0077
MLX632RAM_DirectRead@ID              cstackBANK0  0027
MLX632RAM_DirectRead@nBytes          cstackBANK0  0026
MLX632RAM_DirectRead@pBuf            cstackBANK0  0025
MLX632_AddressedRead@F1605           bssBANK0     0062
MLX632_AddressedRead@ID              cstackBANK0  002D
MLX632_AddressedRead@Reg_addr        cstackBANK0  0025
MLX632_AddressedRead@i               cstackBANK0  002C
MLX632_AddressedRead@nBytes          cstackBANK0  0028
MLX632_AddressedRead@pBuf            cstackBANK0  0029
MLX632_AddressedRead@ppBuf           cstackBANK0  0027
MLX632_AddressedWrite@F1616          bssBANK0     005E
MLX632_AddressedWrite@ID             cstackBANK0  002D
MLX632_AddressedWrite@Reg_addr       cstackBANK0  0023
MLX632_AddressedWrite@data           cstackBANK0  0025
MLX632_AddressedWrite@i              cstackBANK0  002C
MLX632_AddressedWrite@nBytes         cstackBANK0  0027
MLX632_AddressedWrite@pBuf           cstackBANK0  0028
MLX632_EEPROM_Write@EE_addr          cstackBANK0  002E
MLX632_EEPROM_Write@ID               cstackBANK0  0032
MLX632_EEPROM_Write@data             cstackBANK0  0030
MLX90632_Start_Measurement@F1638     bssBANK0     0065
MLX90632_Start_Measurement@ID        cstackBANK0  0034
MLX90632_Start_Measurement@ReadData  cstackBANK0  0032
MLX90632_Start_Measurement@ret       cstackBANK0  0035
MLX90632_Start_Measurement@tries     cstackBANK0  0031
MLX90632_Temp_Measuring@ID           cstackBANK0  002B
MLX90632_Temp_Measuring@MLX632_Data  cstackBANK0  0028
MLX90632_Temp_Measuring@j            cstackBANK0  002C
MLX_RefreshRate_Set@F1625            bssBANK0     0067
MLX_RefreshRate_Set@ReadData         cstackBANK0  003B
MLX_RefreshRate_Set@RefRate          cstackBANK0  0033
MLX_RefreshRate_Set@i                cstackBANK0  003D
MLX_RefreshRate_Set@refreshReg       cstackBANK0  0039
MLX_Sensors_CheckInit@F1631          bssBANK0     0069
MLX_Sensors_CheckInit@ReadData       cstackBANK0  0044
MLX_Sensors_CheckInit@i              cstackBANK0  0046
MLX_Sensors_CheckInit@refreshReg     cstackBANK0  0042
MPU6050ReadAcc@accData               cstackBANK0  002E
MPU6050ReadAcc@buf                   cstackBANK0  0028
MPU6050ReadGyro@buf                  cstackBANK0  0028
MPU6050ReadGyro@gyroData             cstackBANK0  002E
MPU6050_ReadData@Read                cstackBANK0  0020
MPU6050_ReadData@i                   cstackBANK0  0025
MPU6050_ReadData@num                 cstackBANK0  0021
MPU6050_ReadData@reg_add             cstackBANK0  0024
MPU6050_WriteReg@reg_add             cstackCOMMON 0079
MPU6050_WriteReg@reg_dat             cstackCOMMON 0078
MPU9250_Init@Re                      cstackBANK0  002A
MPU9250_Init@Ree                     cstackBANK0  002B
MPU9250_Measuring@accVal             cstackBANK0  002F
MPU9250_Measuring@gyroVal            cstackBANK0  0035
MPU_Set_Accel_Fsr@fsr                cstackBANK0  0022
MPU_Set_Gyro_Fsr@fsr                 cstackBANK0  0022
MPU_Set_LPF@data                     cstackBANK0  0023
MPU_Set_LPF@lpf                      cstackBANK0  0020
MPU_Set_Rate@data                    cstackBANK0  0028
MPU_Set_Rate@rate                    cstackBANK0  0024
Usart_Send_Twobyte@data              cstackCOMMON 0074
Usart_Sendbytes@s                    cstackCOMMON 0076
Usart_Sendonebyte@data               cstackCOMMON 0074
_ADCON0                              (abs)        001F
_AHRVal                              bssBANK0     004A
_AK8963_ReadData                     text15       0D83
_AK8963_WriteReg                     text14       0A83
_ANSEL                               (abs)        011E
_ANSELH                              (abs)        011F
_ANSELHbits                          (abs)        011F
_CM1CON0                             (abs)        0119
_CM2CON0                             (abs)        011A
_Delay_ms                            text31       0ABB
_GPIO_ReadBit                        text46       0B7D
_IIC_Ack                             text44       0EAD
_IIC_Delay                           text45       098E
_IIC_NAck                            text43       0F1E
_IIC_Read_Byte                       text42       014E
_IIC_Send_Byte                       text41       024D
_IIC_Start                           text40       06A8
_IIC_Stop                            text39       0F8F
_IIC_Wait_Ack                        text38       031E
_ISR                                 text47       09A4
_MEMS_I2C_GPIO_Init                  text13       09AF
_MEMS_SDA_ReadBit                    text24       099A
_MEMS_i2c_Ack                        text22       0A20
_MEMS_i2c_Delay                      text23       0002
_MEMS_i2c_NAck                       text21       0A38
_MEMS_i2c_ReadByte                   text20       0BB2
_MEMS_i2c_SendByte                   text19       0B4C
_MEMS_i2c_Start                      text18       0A68
_MEMS_i2c_Stop                       text17       0A50
_MEMS_i2c_WaitAck                    text16       0AD8
_MLX632RAM_DirectRead                text34       0CE9
_MLX632_AddressedRead                text37       061E
_MLX632_AddressedWrite               text36       0DDA
_MLX632_EEPROM_Write                 text30       0E42
_MLX632_ReadData                     bssBANK1     00B6
_MLX90632_Start_Measurement          text35       0D30
_MLX90632_Temp_Measuring             text32       0022
_MLX_RefreshRate_Set                 text29       0725
_MLX_Sensors_CheckInit               text25       0463
_MPU6050ReadAcc                      text4        0AFA
_MPU6050ReadGyro                     text3        0B23
_MPU6050_ReadData                    text12       07A0
_MPU6050_WriteReg                    text11       0A9F
_MPU9250_Init                        text5        03C9
_MPU9250_Measuring                   text2        0594
_MPU_Set_Accel_Fsr                   text10       09CD
_MPU_Set_Gyro_Fsr                    text9        09F5
_MPU_Set_LPF                         text8        0C27
_MPU_Set_Rate                        text6        0CA4
_OSCCONbits                          (abs)        008F
_OSCTUNE                             (abs)        0090
_PORTAbits                           (abs)        0005
_PORTBbits                           (abs)        0006
_PORTCbits                           (abs)        0007
_RCSTAbits                           (abs)        0018
_SPBRG                               (abs)        0099
_TRISAbits                           (abs)        0085
_TRISBbits                           (abs)        0086
_TRISCbits                           (abs)        0087
_TXREG                               (abs)        0019
_TXSTAbits                           (abs)        0098
_TempBuffer                          bssBANK1     00A0
_Total_TSen_I2C_Init                 text28       0BEA
_Usart_Init                          text1        09E1
_Usart_Send_Twobyte                  text33       09BC
_Usart_Sendbytes                     text26       0A0A
_Usart_Sendonebyte                   text27       0990
_WPUA                                (abs)        0095
_WPUB                                (abs)        0115
__CFG_BOREN$ON                       (abs)        0000
__CFG_CP$OFF                         (abs)        0000
__CFG_CPD$OFF                        (abs)        0000
__CFG_FCMEN$ON                       (abs)        0000
__CFG_FOSC$INTRCIO                   (abs)        0000
__CFG_IESO$OFF                       (abs)        0000
__CFG_MCLRE$OFF                      (abs)        0000
__CFG_PWRTE$OFF                      (abs)        0000
__CFG_WDTE$OFF                       (abs)        0000
__Habs1                              abs1         0000
__Hbank0                             bank0        0000
__Hbank1                             bank1        0000
__Hbank2                             bank2        0000
__Hbank3                             bank3        0000
__HbssBANK0                          bssBANK0     0000
__HbssBANK1                          bssBANK1     0000
__Hcinit                             cinit        0022
__Hclrtext                           clrtext      0000
__Hcode                              code         0000
__Hcommon                            common       0000
__Hconfig                            config       2008
__HcstackBANK0                       cstackBANK0  0000
__HcstackCOMMON                      cstackCOMMON 0000
__Heeprom_data                       eeprom_data  0000
__Hend_init                          end_init     0013
__Hfunctab                           functab      0000
__Hidloc                             idloc        0000
__Hinit                              init         0011
__Hintentry                          intentry     0011
__Hmaintext                          maintext     0000
__Hpowerup                           powerup      0000
__Hram                               ram          0000
__Hreset_vec                         reset_vec    0002
__Hsfr0                              sfr0         0000
__Hsfr1                              sfr1         0000
__Hsfr2                              sfr2         0000
__Hsfr3                              sfr3         0000
__Hspace_0                           (abs)        2008
__Hspace_1                           (abs)        00CA
__Hspace_2                           (abs)        0000
__Hspace_3                           (abs)        0000
__Hstack                             stack        0000
__Hstrings                           strings      0000
__Htext                              text         0000
__Labs1                              abs1         0000
__Lbank0                             bank0        0000
__Lbank1                             bank1        0000
__Lbank2                             bank2        0000
__Lbank3                             bank3        0000
__LbssBANK0                          bssBANK0     0000
__LbssBANK1                          bssBANK1     0000
__Lcinit                             cinit        0013
__Lclrtext                           clrtext      0000
__Lcode                              code         0000
__Lcommon                            common       0000
__Lconfig                            config       2007
__LcstackBANK0                       cstackBANK0  0000
__LcstackCOMMON                      cstackCOMMON 0000
__Leeprom_data                       eeprom_data  0000
__Lend_init                          end_init     0011
__Lfunctab                           functab      0000
__Lidloc                             idloc        0000
__Linit                              init         0011
__Lintentry                          intentry     0004
__Lmaintext                          maintext     0000
__Lpowerup                           powerup      0000
__Lram                               ram          0000
__Lreset_vec                         reset_vec    0000
__Lsfr0                              sfr0         0000
__Lsfr1                              sfr1         0000
__Lsfr2                              sfr2         0000
__Lsfr3                              sfr3         0000
__Lspace_0                           (abs)        0000
__Lspace_1                           (abs)        0000
__Lspace_2                           (abs)        0000
__Lspace_3                           (abs)        0000
__Lstack                             stack        0000
__Lstrings                           strings      0000
__Ltext                              text         0000
__S0                                 (abs)        2008
__S1                                 (abs)        00CA
__S2                                 (abs)        0000
__S3                                 (abs)        0000
___int_sp                            stack        0000
___latbits                           (abs)        0001
___lwdiv                             text7        0C64
___lwdiv@counter                     cstackBANK0  0022
___lwdiv@dividend                    cstackCOMMON 0076
___lwdiv@divisor                     cstackCOMMON 0074
___lwdiv@quotient                    cstackBANK0  0020
___sp                                stack        0000
__end_of_AK8963_ReadData             text15       0DDA
__end_of_AK8963_WriteReg             text14       0A9F
__end_of_Delay_ms                    text31       0AD8
__end_of_GPIO_ReadBit                text46       0BB2
__end_of_IIC_Ack                     text44       0F1E
__end_of_IIC_Delay                   text45       0990
__end_of_IIC_NAck                    text43       0F8F
__end_of_IIC_Read_Byte               text42       024D
__end_of_IIC_Send_Byte               text41       031E
__end_of_IIC_Start                   text40       0725
__end_of_IIC_Stop                    text39       1000
__end_of_IIC_Wait_Ack                text38       03C9
__end_of_ISR                         text47       09AF
__end_of_MEMS_I2C_GPIO_Init          text13       09BC
__end_of_MEMS_SDA_ReadBit            text24       09A4
__end_of_MEMS_i2c_Ack                text22       0A38
__end_of_MEMS_i2c_Delay              text23       0004
__end_of_MEMS_i2c_NAck               text21       0A50
__end_of_MEMS_i2c_ReadByte           text20       0BEA
__end_of_MEMS_i2c_SendByte           text19       0B7D
__end_of_MEMS_i2c_Start              text18       0A83
__end_of_MEMS_i2c_Stop               text17       0A68
__end_of_MEMS_i2c_WaitAck            text16       0AFA
__end_of_MLX632RAM_DirectRead        text34       0D30
__end_of_MLX632_AddressedRead        text37       06A8
__end_of_MLX632_AddressedWrite       text36       0E42
__end_of_MLX632_EEPROM_Write         text30       0EAD
__end_of_MLX90632_Start_Measurement  text35       0D83
__end_of_MLX90632_Temp_Measuring     text32       014E
__end_of_MLX_RefreshRate_Set         text29       07A0
__end_of_MLX_Sensors_CheckInit       text25       04FD
__end_of_MPU6050ReadAcc              text4        0B23
__end_of_MPU6050ReadGyro             text3        0B4C
__end_of_MPU6050_ReadData            text12       07F7
__end_of_MPU6050_WriteReg            text11       0ABB
__end_of_MPU9250_Init                text5        0463
__end_of_MPU9250_Measuring           text2        061E
__end_of_MPU_Set_Accel_Fsr           text10       09E1
__end_of_MPU_Set_Gyro_Fsr            text9        0A0A
__end_of_MPU_Set_LPF                 text8        0C64
__end_of_MPU_Set_Rate                text6        0CE9
__end_of_Total_TSen_I2C_Init         text28       0C27
__end_of_Usart_Init                  text1        09F5
__end_of_Usart_Send_Twobyte          text33       09CD
__end_of_Usart_Sendbytes             text26       0A20
__end_of_Usart_Sendonebyte           text27       099A
__end_of___lwdiv                     text7        0CA4
__end_of__initialization             cinit        001F
__end_of__stringdata                 strings      083B
__end_of__stringtab                  strings      0806
__end_of_main                        maintext     0594
__initialization                     cinit        0013
__pbssBANK0                          bssBANK0     004A
__pbssBANK1                          bssBANK1     00A0
__pcstackBANK0                       cstackBANK0  0020
__pcstackCOMMON                      cstackCOMMON 0070
__pintentry                          intentry     0004
__pmaintext                          maintext     04FD
__pstrings                           strings      0800
__ptext1                             text1        09E1
__ptext10                            text10       09CD
__ptext11                            text11       0A9F
__ptext12                            text12       07A0
__ptext13                            text13       09AF
__ptext14                            text14       0A83
__ptext15                            text15       0D83
__ptext16                            text16       0AD8
__ptext17                            text17       0A50
__ptext18                            text18       0A68
__ptext19                            text19       0B4C
__ptext2                             text2        0594
__ptext20                            text20       0BB2
__ptext21                            text21       0A38
__ptext22                            text22       0A20
__ptext23                            text23       0002
__ptext24                            text24       099A
__ptext25                            text25       0463
__ptext26                            text26       0A0A
__ptext27                            text27       0990
__ptext28                            text28       0BEA
__ptext29                            text29       0725
__ptext3                             text3        0B23
__ptext30                            text30       0E42
__ptext31                            text31       0ABB
__ptext32                            text32       0022
__ptext33                            text33       09BC
__ptext34                            text34       0CE9
__ptext35                            text35       0D30
__ptext36                            text36       0DDA
__ptext37                            text37       061E
__ptext38                            text38       031E
__ptext39                            text39       0F8F
__ptext4                             text4        0AFA
__ptext40                            text40       06A8
__ptext41                            text41       024D
__ptext42                            text42       014E
__ptext43                            text43       0F1E
__ptext44                            text44       0EAD
__ptext45                            text45       098E
__ptext46                            text46       0B7D
__ptext47                            text47       09A4
__ptext5                             text5        03C9
__ptext6                             text6        0CA4
__ptext7                             text7        0C64
__ptext8                             text8        0C27
__ptext9                             text9        09F5
__size_of_AK8963_ReadData            (abs)        0000
__size_of_AK8963_WriteReg            (abs)        0000
__size_of_Delay_ms                   (abs)        0000
__size_of_GPIO_ReadBit               (abs)        0000
__size_of_IIC_Ack                    (abs)        0000
__size_of_IIC_Delay                  (abs)        0000
__size_of_IIC_NAck                   (abs)        0000
__size_of_IIC_Read_Byte              (abs)        0000
__size_of_IIC_Send_Byte              (abs)        0000
__size_of_IIC_Start                  (abs)        0000
__size_of_IIC_Stop                   (abs)        0000
__size_of_IIC_Wait_Ack               (abs)        0000
__size_of_ISR                        (abs)        0000
__size_of_MEMS_I2C_GPIO_Init         (abs)        0000
__size_of_MEMS_SDA_ReadBit           (abs)        0000
__size_of_MEMS_i2c_Ack               (abs)        0000
__size_of_MEMS_i2c_Delay             (abs)        0000
__size_of_MEMS_i2c_NAck              (abs)        0000
__size_of_MEMS_i2c_ReadByte          (abs)        0000
__size_of_MEMS_i2c_SendByte          (abs)        0000
__size_of_MEMS_i2c_Start             (abs)        0000
__size_of_MEMS_i2c_Stop              (abs)        0000
__size_of_MEMS_i2c_WaitAck           (abs)        0000
__size_of_MLX632RAM_DirectRead       (abs)        0000
__size_of_MLX632_AddressedRead       (abs)        0000
__size_of_MLX632_AddressedWrite      (abs)        0000
__size_of_MLX632_EEPROM_Write        (abs)        0000
__size_of_MLX90632_Start_Measurement (abs)        0000
__size_of_MLX90632_Temp_Measuring    (abs)        0000
__size_of_MLX_RefreshRate_Set        (abs)        0000
__size_of_MLX_Sensors_CheckInit      (abs)        0000
__size_of_MPU6050ReadAcc             (abs)        0000
__size_of_MPU6050ReadGyro            (abs)        0000
__size_of_MPU6050_ReadData           (abs)        0000
__size_of_MPU6050_WriteReg           (abs)        0000
__size_of_MPU9250_Init               (abs)        0000
__size_of_MPU9250_Measuring          (abs)        0000
__size_of_MPU_Set_Accel_Fsr          (abs)        0000
__size_of_MPU_Set_Gyro_Fsr           (abs)        0000
__size_of_MPU_Set_LPF                (abs)        0000
__size_of_MPU_Set_Rate               (abs)        0000
__size_of_Total_TSen_I2C_Init        (abs)        0000
__size_of_Usart_Init                 (abs)        0000
__size_of_Usart_Send_Twobyte         (abs)        0000
__size_of_Usart_Sendbytes            (abs)        0000
__size_of_Usart_Sendonebyte          (abs)        0000
__size_of___lwdiv                    (abs)        0000
__size_of_main                       (abs)        0000
__stringbase                         strings      0805
__stringdata                         strings      0806
__stringtab                          strings      0800
_main                                maintext     04FD
btemp                                (abs)        007E
clear_ram0                           clrtext      07F7
end_of_initialization                cinit        001F
interrupt_function                   intentry     0004
intlevel0                            functab      0000
intlevel1                            functab      0000
intlevel2                            functab      0000
intlevel3                            functab      0000
intlevel4                            functab      0000
intlevel5                            functab      0000
ltemp                                (abs)        007E
ltemp0                               (abs)        007E
ltemp1                               (abs)        0082
ltemp2                               (abs)        0086
ltemp3                               (abs)        0080
main@h                               cstackBANK0  0048
main@hh                              cstackBANK0  0049
reset_vec                            reset_vec    0000
saved_w                              (abs)        007E
stackhi                              (abs)        0000
stacklo                              (abs)        0000
start                                init         0011
start_initialization                 cinit        0013
ttemp                                (abs)        007E
ttemp0                               (abs)        007E
ttemp1                               (abs)        0081
ttemp2                               (abs)        0084
ttemp3                               (abs)        0087
ttemp4                               (abs)        007F
wtemp                                (abs)        007E
wtemp0                               (abs)        007E
wtemp1                               (abs)        0080
wtemp2                               (abs)        0082
wtemp3                               (abs)        0084
wtemp4                               (abs)        0086
wtemp5                               (abs)        0088
wtemp6                               (abs)        007F


FUNCTION INFORMATION:

 *************** function _main *****************
 Defined at:
		line 84 in file "SmartSensor_main.c"
 Parameters:    Size  Location     Type
		None
 Auto vars:     Size  Location     Type
  hh              1   41[BANK0 ] unsigned char 
  h               1   40[BANK0 ] unsigned char 
 Return value:  Size  Location     Type
		None               void
 Registers used:
		wreg, fsr0l, fsr0h, status,2, status,0, btemp+1, pclath, cstack
 Tracked objects:
		On entry : 
		On exit  : 
		Unchanged: 
 Data sizes:     COMMON   BANK0   BANK1   BANK2
      Params:         0       0       0       0
      Locals:         0       2       0       0
      Temps:          0       1       0       0
      Totals:         0       3       0       0
Total ram usage:        3 bytes
 Hardware stack levels required when called:    8
 This function calls:
		_Delay_ms
		_MLX90632_Start_Measurement
		_MLX90632_Temp_Measuring
		_MLX_Sensors_CheckInit
		_MPU9250_Init
		_MPU9250_Measuring
		_Usart_Init
		_Usart_Sendbytes
		_Usart_Sendonebyte
 This function is called by:
		Startup code after reset
 This function uses a non-reentrant model


 *************** function _Usart_Init *****************
 Defined at:
		line 10 in file "PIC_UART.c"
 Parameters:    Size  Location     Type
		None
 Auto vars:     Size  Location     Type
		None
 Return value:  Size  Location     Type
		None               void
 Registers used:
		wreg
 Tracked objects:
		On entry : 
		On exit  : 
		Unchanged: 
 Data sizes:     COMMON   BANK0   BANK1   BANK2
      Params:         0       0       0       0
      Locals:         0       0       0       0
      Temps:          0       0       0       0
      Totals:         0       0       0       0
Total ram usage:        0 bytes
 Hardware stack levels used:    1
 Hardware stack levels required when called:    1
 This function calls:
		Nothing
 This function is called by:
		_main
 This function uses a non-reentrant model


 *************** function _MPU9250_Measuring *****************
 Defined at:
		line 474 in file "MPU9250.c"
 Parameters:    Size  Location     Type
		None
 Auto vars:     Size  Location     Type
  gyroVal         6   21[BANK0 ] unsigned int [3]
  accVal          6   15[BANK0 ] unsigned int [3]
 Return value:  Size  Location     Type
		None               void
 Registers used:
		wreg, fsr0l, fsr0h, status,2, status,0, pclath, cstack
 Tracked objects:
		On entry : 
		On exit  : 
		Unchanged: 
 Data sizes:     COMMON   BANK0   BANK1   BANK2
      Params:         0       0       0       0
      Locals:         0      12       0       0
      Temps:          0       0       0       0
      Totals:         0      12       0       0
Total ram usage:       12 bytes
 Hardware stack levels used:    1
 Hardware stack levels required when called:    6
 This function calls:
		_MPU6050ReadAcc
		_MPU6050ReadGyro
		_Usart_Send_Twobyte
 This function is called by:
		_main
 This function uses a non-reentrant model


 *************** function _MPU6050ReadGyro *****************
 Defined at:
		line 435 in file "MPU9250.c"
 Parameters:    Size  Location     Type
  gyroData        1    wreg     PTR unsigned int 
		 -> MPU9250_Measuring@gyroVal(6), 
 Auto vars:     Size  Location     Type
  gyroData        1   14[BANK0 ] PTR unsigned int 
		 -> MPU9250_Measuring@gyroVal(6), 
  buf             6    8[BANK0 ] unsigned char [6]
 Return value:  Size  Location     Type
		None               void
 Registers used:
		wreg, fsr0l, fsr0h, status,2, status,0, pclath, cstack
 Tracked objects:
		On entry : 
		On exit  : 
		Unchanged: 
 Data sizes:     COMMON   BANK0   BANK1   BANK2
      Params:         0       0       0       0
      Locals:         0       7       0       0
      Temps:          0       2       0       0
      Totals:         0       9       0       0
Total ram usage:        9 bytes
 Hardware stack levels used:    1
 Hardware stack levels required when called:    5
 This function calls:
		_MPU6050_ReadData
 This function is called by:
		_MPU9250_Measuring
 This function uses a non-reentrant model


 *************** function _MPU6050ReadAcc *****************
 Defined at:
		line 426 in file "MPU9250.c"
 Parameters:    Size  Location     Type
  accData         1    wreg     PTR unsigned int 
		 -> MPU9250_Measuring@accVal(6), 
 Auto vars:     Size  Location     Type
  accData         1   14[BANK0 ] PTR unsigned int 
		 -> MPU9250_Measuring@accVal(6), 
  buf             6    8[BANK0 ] unsigned char [6]
 Return value:  Size  Location     Type
		None               void
 Registers used:
		wreg, fsr0l, fsr0h, status,2, status,0, pclath, cstack
 Tracked objects:
		On entry : 
		On exit  : 
		Unchanged: 
 Data sizes:     COMMON   BANK0   BANK1   BANK2
      Params:         0       0       0       0
      Locals:         0       7       0       0
      Temps:          0       2       0       0
      Totals:         0       9       0       0
Total ram usage:        9 bytes
 Hardware stack levels used:    1
 Hardware stack levels required when called:    5
 This function calls:
		_MPU6050_ReadData
 This function is called by:
		_MPU9250_Measuring
 This function uses a non-reentrant model


 *************** function _MPU9250_Init *****************
 Defined at:
		line 361 in file "MPU9250.c"
 Parameters:    Size  Location     Type
		None
 Auto vars:     Size  Location     Type
  Ree             1   11[BANK0 ] unsigned char 
  Re              1   10[BANK0 ] unsigned char 
 Return value:  Size  Location     Type
                  1    wreg      unsigned char 
 Registers used:
		wreg, fsr0l, fsr0h, status,2, status,0, pclath, cstack
 Tracked objects:
		On entry : 
		On exit  : 
		Unchanged: 
 Data sizes:     COMMON   BANK0   BANK1   BANK2
      Params:         0       0       0       0
      Locals:         0       2       0       0
      Temps:          0       1       0       0
      Totals:         0       3       0       0
Total ram usage:        3 bytes
 Hardware stack levels used:    1
 Hardware stack levels required when called:    7
 This function calls:
		_AK8963_ReadData
		_AK8963_WriteReg
		_Delay_ms
		_MEMS_I2C_GPIO_Init
		_MPU6050_ReadData
		_MPU6050_WriteReg
		_MPU_Set_Accel_Fsr
		_MPU_Set_Gyro_Fsr
		_MPU_Set_Rate
 This function is called by:
		_main
 This function uses a non-reentrant model


 *************** function _MPU_Set_Rate *****************
 Defined at:
		line 351 in file "MPU9250.c"
 Parameters:    Size  Location     Type
  rate            2    4[BANK0 ] unsigned short 
 Auto vars:     Size  Location     Type
  data            1    8[BANK0 ] unsigned char 
 Return value:  Size  Location     Type
		None               void
 Registers used:
		wreg, status,2, status,0, pclath, cstack
 Tracked objects:
		On entry : 
		On exit  : 
		Unchanged: 
 Data sizes:     COMMON   BANK0   BANK1   BANK2
      Params:         0       2       0       0
      Locals:         0       1       0       0
      Temps:          0       2       0       0
      Totals:         0       5       0       0
Total ram usage:        5 bytes
 Hardware stack levels used:    1
 Hardware stack levels required when called:    6
 This function calls:
		_MPU6050_WriteReg
		_MPU_Set_LPF
		___lwdiv
 This function is called by:
		_MPU9250_Init
 This function uses a non-reentrant model


 *************** function ___lwdiv *****************
 Defined at:
		line 6 in file "C:\Program Files (x86)\Microchip\xc8\v1.32\sources\common\lwdiv.c"
 Parameters:    Size  Location     Type
  divisor         2    4[COMMON] unsigned int 
  dividend        2    6[COMMON] unsigned int 
 Auto vars:     Size  Location     Type
  quotient        2    0[BANK0 ] unsigned int 
  counter         1    2[BANK0 ] unsigned char 
 Return value:  Size  Location     Type
                  2    4[COMMON] unsigned int 
 Registers used:
		wreg, status,2, status,0
 Tracked objects:
		On entry : 
		On exit  : 
		Unchanged: 
 Data sizes:     COMMON   BANK0   BANK1   BANK2
      Params:         4       0       0       0
      Locals:         0       3       0       0
      Temps:          1       0       0       0
      Totals:         5       3       0       0
Total ram usage:        8 bytes
 Hardware stack levels used:    1
 Hardware stack levels required when called:    1
 This function calls:
		Nothing
 This function is called by:
		_MPU_Set_Rate
 This function uses a non-reentrant model


 *************** function _MPU_Set_LPF *****************
 Defined at:
		line 335 in file "MPU9250.c"
 Parameters:    Size  Location     Type
  lpf             2    0[BANK0 ] unsigned short 
 Auto vars:     Size  Location     Type
  data            1    3[BANK0 ] unsigned char 
 Return value:  Size  Location     Type
		None               void
 Registers used:
		wreg, status,2, status,0, pclath, cstack
 Tracked objects:
		On entry : 
		On exit  : 
		Unchanged: 
 Data sizes:     COMMON   BANK0   BANK1   BANK2
      Params:         0       2       0       0
      Locals:         0       1       0       0
      Temps:          0       1       0       0
      Totals:         0       4       0       0
Total ram usage:        4 bytes
 Hardware stack levels used:    1
 Hardware stack levels required when called:    5
 This function calls:
		_MPU6050_WriteReg
 This function is called by:
		_MPU_Set_Rate
 This function uses a non-reentrant model


 *************** function _MPU_Set_Gyro_Fsr *****************
 Defined at:
		line 317 in file "MPU9250.c"
 Parameters:    Size  Location     Type
  fsr             1    wreg     unsigned char 
 Auto vars:     Size  Location     Type
  fsr             1    2[BANK0 ] unsigned char 
 Return value:  Size  Location     Type
		None               void
 Registers used:
		wreg, status,2, status,0, pclath, cstack
 Tracked objects:
		On entry : 
		On exit  : 
		Unchanged: 
 Data sizes:     COMMON   BANK0   BANK1   BANK2
      Params:         0       0       0       0
      Locals:         0       1       0       0
      Temps:          0       2       0       0
      Totals:         0       3       0       0
Total ram usage:        3 bytes
 Hardware stack levels used:    1
 Hardware stack levels required when called:    5
 This function calls:
		_MPU6050_WriteReg
 This function is called by:
		_MPU9250_Init
 This function uses a non-reentrant model


 *************** function _MPU_Set_Accel_Fsr *****************
 Defined at:
		line 326 in file "MPU9250.c"
 Parameters:    Size  Location     Type
  fsr             1    wreg     unsigned char 
 Auto vars:     Size  Location     Type
  fsr             1    2[BANK0 ] unsigned char 
 Return value:  Size  Location     Type
		None               void
 Registers used:
		wreg, status,2, status,0, pclath, cstack
 Tracked objects:
		On entry : 
		On exit  : 
		Unchanged: 
 Data sizes:     COMMON   BANK0   BANK1   BANK2
      Params:         0       0       0       0
      Locals:         0       1       0       0
      Temps:          0       2       0       0
      Totals:         0       3       0       0
Total ram usage:        3 bytes
 Hardware stack levels used:    1
 Hardware stack levels required when called:    5
 This function calls:
		_MPU6050_WriteReg
 This function is called by:
		_MPU9250_Init
 This function uses a non-reentrant model


 *************** function _MPU6050_WriteReg *****************
 Defined at:
		line 244 in file "MPU9250.c"
 Parameters:    Size  Location     Type
  reg_add         1    wreg     unsigned char 
  reg_dat         1    8[COMMON] unsigned char 
 Auto vars:     Size  Location     Type
  reg_add         1    9[COMMON] unsigned char 
 Return value:  Size  Location     Type
		None               void
 Registers used:
		wreg, status,2, status,0, pclath, cstack
 Tracked objects:
		On entry : 
		On exit  : 
		Unchanged: 
 Data sizes:     COMMON   BANK0   BANK1   BANK2
      Params:         1       0       0       0
      Locals:         1       0       0       0
      Temps:          0       0       0       0
      Totals:         2       0       0       0
Total ram usage:        2 bytes
 Hardware stack levels used:    1
 Hardware stack levels required when called:    4
 This function calls:
		_MEMS_i2c_SendByte
		_MEMS_i2c_Start
		_MEMS_i2c_Stop
		_MEMS_i2c_WaitAck
 This function is called by:
		_MPU_Set_Gyro_Fsr
		_MPU_Set_Accel_Fsr
		_MPU_Set_LPF
		_MPU_Set_Rate
		_MPU9250_Init
 This function uses a non-reentrant model


 *************** function _MPU6050_ReadData *****************
 Defined at:
		line 256 in file "MPU9250.c"
 Parameters:    Size  Location     Type
  reg_add         1    wreg     unsigned char 
  Read            1    0[BANK0 ] PTR unsigned char 
		 -> MPU6050_ReturnTemp@buf(2), MPU6050ReadGyro@buf(6), MPU6050ReadAcc@buf(6), MPU9250_Init@Re(1), 
  num             1    1[BANK0 ] unsigned char 
 Auto vars:     Size  Location     Type
  reg_add         1    4[BANK0 ] unsigned char 
  i               1    5[BANK0 ] unsigned char 
 Return value:  Size  Location     Type
		None               void
 Registers used:
		wreg, fsr0l, fsr0h, status,2, status,0, pclath, cstack
 Tracked objects:
		On entry : 
		On exit  : 
		Unchanged: 
 Data sizes:     COMMON   BANK0   BANK1   BANK2
      Params:         0       2       0       0
      Locals:         0       2       0       0
      Temps:          0       2       0       0
      Totals:         0       6       0       0
Total ram usage:        6 bytes
 Hardware stack levels used:    1
 Hardware stack levels required when called:    4
 This function calls:
		_MEMS_i2c_ReadByte
		_MEMS_i2c_SendByte
		_MEMS_i2c_Start
		_MEMS_i2c_Stop
		_MEMS_i2c_WaitAck
 This function is called by:
		_MPU9250_Init
		_MPU6050ReadAcc
		_MPU6050ReadGyro
		_MPU6050_ReturnTemp
 This function uses a non-reentrant model


 *************** function _MEMS_I2C_GPIO_Init *****************
 Defined at:
		line 236 in file "MPU9250.c"
 Parameters:    Size  Location     Type
		None
 Auto vars:     Size  Location     Type
		None
 Return value:  Size  Location     Type
		None               void
 Registers used:
		None
 Tracked objects:
		On entry : 
		On exit  : 
		Unchanged: 
 Data sizes:     COMMON   BANK0   BANK1   BANK2
      Params:         0       0       0       0
      Locals:         0       0       0       0
      Temps:          0       0       0       0
      Totals:         0       0       0       0
Total ram usage:        0 bytes
 Hardware stack levels used:    1
 Hardware stack levels required when called:    1
 This function calls:
		Nothing
 This function is called by:
		_MPU9250_Init
 This function uses a non-reentrant model


 *************** function _AK8963_WriteReg *****************
 Defined at:
		line 278 in file "MPU9250.c"
 Parameters:    Size  Location     Type
  reg_add         1    wreg     unsigned char 
  reg_dat         1    8[COMMON] unsigned char 
 Auto vars:     Size  Location     Type
  reg_add         1    9[COMMON] unsigned char 
 Return value:  Size  Location     Type
		None               void
 Registers used:
		wreg, status,2, status,0, pclath, cstack
 Tracked objects:
		On entry : 
		On exit  : 
		Unchanged: 
 Data sizes:     COMMON   BANK0   BANK1   BANK2
      Params:         1       0       0       0
      Locals:         1       0       0       0
      Temps:          0       0       0       0
      Totals:         2       0       0       0
Total ram usage:        2 bytes
 Hardware stack levels used:    1
 Hardware stack levels required when called:    4
 This function calls:
		_MEMS_i2c_SendByte
		_MEMS_i2c_Start
		_MEMS_i2c_Stop
		_MEMS_i2c_WaitAck
 This function is called by:
		_MPU9250_Init
		_AK8963_ReadMagnetometer
 This function uses a non-reentrant model


 *************** function _AK8963_ReadData *****************
 Defined at:
		line 290 in file "MPU9250.c"
 Parameters:    Size  Location     Type
  reg_add         1    wreg     unsigned char 
  Read            1    0[BANK0 ] PTR unsigned char 
		 -> AK8963_ReadMagnetometer@buf(6), MPU9250_Init@Ree(1), 
  num             1    1[BANK0 ] unsigned char 
 Auto vars:     Size  Location     Type
  reg_add         1    4[BANK0 ] unsigned char 
  i               1    5[BANK0 ] unsigned char 
 Return value:  Size  Location     Type
		None               void
 Registers used:
		wreg, fsr0l, fsr0h, status,2, status,0, pclath, cstack
 Tracked objects:
		On entry : 
		On exit  : 
		Unchanged: 
 Data sizes:     COMMON   BANK0   BANK1   BANK2
      Params:         0       2       0       0
      Locals:         0       2       0       0
      Temps:          0       2       0       0
      Totals:         0       6       0       0
Total ram usage:        6 bytes
 Hardware stack levels used:    1
 Hardware stack levels required when called:    4
 This function calls:
		_MEMS_i2c_ReadByte
		_MEMS_i2c_SendByte
		_MEMS_i2c_Start
		_MEMS_i2c_Stop
		_MEMS_i2c_WaitAck
 This function is called by:
		_MPU9250_Init
		_AK8963_ReadMagnetometer
 This function uses a non-reentrant model


 *************** function _MEMS_i2c_WaitAck *****************
 Defined at:
		line 206 in file "MPU9250.c"
 Parameters:    Size  Location     Type
		None
 Auto vars:     Size  Location     Type
  ucErrTime       1    7[COMMON] unsigned char 
  re              1    6[COMMON] unsigned char 
 Return value:  Size  Location     Type
                  1    wreg      unsigned char 
 Registers used:
		wreg, status,2, status,0, pclath, cstack
 Tracked objects:
		On entry : 
		On exit  : 
		Unchanged: 
 Data sizes:     COMMON   BANK0   BANK1   BANK2
      Params:         0       0       0       0
      Locals:         2       0       0       0
      Temps:          1       0       0       0
      Totals:         3       0       0       0
Total ram usage:        3 bytes
 Hardware stack levels used:    1
 Hardware stack levels required when called:    3
 This function calls:
		_MEMS_SDA_ReadBit
		_MEMS_i2c_Delay
		_MEMS_i2c_Stop
 This function is called by:
		_MPU6050_WriteReg
		_MPU6050_ReadData
		_AK8963_WriteReg
		_AK8963_ReadData
 This function uses a non-reentrant model


 *************** function _MEMS_i2c_Stop *****************
 Defined at:
		line 110 in file "MPU9250.c"
 Parameters:    Size  Location     Type
		None
 Auto vars:     Size  Location     Type
		None
 Return value:  Size  Location     Type
		None               void
 Registers used:
		status,2, status,0, pclath, cstack
 Tracked objects:
		On entry : 
		On exit  : 
		Unchanged: 
 Data sizes:     COMMON   BANK0   BANK1   BANK2
      Params:         0       0       0       0
      Locals:         0       0       0       0
      Temps:          0       0       0       0
      Totals:         0       0       0       0
Total ram usage:        0 bytes
 Hardware stack levels used:    1
 Hardware stack levels required when called:    2
 This function calls:
		_MEMS_i2c_Delay
 This function is called by:
		_MEMS_i2c_WaitAck
		_MPU6050_WriteReg
		_MPU6050_ReadData
		_AK8963_WriteReg
		_AK8963_ReadData
 This function uses a non-reentrant model


 *************** function _MEMS_i2c_Start *****************
 Defined at:
		line 97 in file "MPU9250.c"
 Parameters:    Size  Location     Type
		None
 Auto vars:     Size  Location     Type
		None
 Return value:  Size  Location     Type
		None               void
 Registers used:
		status,2, status,0, pclath, cstack
 Tracked objects:
		On entry : 
		On exit  : 
		Unchanged: 
 Data sizes:     COMMON   BANK0   BANK1   BANK2
      Params:         0       0       0       0
      Locals:         0       0       0       0
      Temps:          0       0       0       0
      Totals:         0       0       0       0
Total ram usage:        0 bytes
 Hardware stack levels used:    1
 Hardware stack levels required when called:    2
 This function calls:
		_MEMS_i2c_Delay
 This function is called by:
		_MPU6050_WriteReg
		_MPU6050_ReadData
		_AK8963_WriteReg
		_AK8963_ReadData
 This function uses a non-reentrant model


 *************** function _MEMS_i2c_SendByte *****************
 Defined at:
		line 146 in file "MPU9250.c"
 Parameters:    Size  Location     Type
  _ucByte         1    wreg     unsigned char 
 Auto vars:     Size  Location     Type
  _ucByte         1    5[COMMON] unsigned char 
  i               1    6[COMMON] unsigned char 
 Return value:  Size  Location     Type
		None               void
 Registers used:
		wreg, status,2, status,0, pclath, cstack
 Tracked objects:
		On entry : 
		On exit  : 
		Unchanged: 
 Data sizes:     COMMON   BANK0   BANK1   BANK2
      Params:         0       0       0       0
      Locals:         2       0       0       0
      Temps:          1       0       0       0
      Totals:         3       0       0       0
Total ram usage:        3 bytes
 Hardware stack levels used:    1
 Hardware stack levels required when called:    2
 This function calls:
		_MEMS_i2c_Delay
 This function is called by:
		_MPU6050_WriteReg
		_MPU6050_ReadData
		_AK8963_WriteReg
		_AK8963_ReadData
 This function uses a non-reentrant model


 *************** function _MEMS_i2c_ReadByte *****************
 Defined at:
		line 173 in file "MPU9250.c"
 Parameters:    Size  Location     Type
  ack             1    wreg     unsigned char 
 Auto vars:     Size  Location     Type
  ack             1    6[COMMON] unsigned char 
  i               1    9[COMMON] unsigned char 
  value           1    8[COMMON] unsigned char 
  nbit            1    7[COMMON] unsigned char 
 Return value:  Size  Location     Type
                  1    wreg      unsigned char 
 Registers used:
		wreg, status,2, status,0, pclath, cstack
 Tracked objects:
		On entry : 
		On exit  : 
		Unchanged: 
 Data sizes:     COMMON   BANK0   BANK1   BANK2
      Params:         0       0       0       0
      Locals:         4       0       0       0
      Temps:          1       0       0       0
      Totals:         5       0       0       0
Total ram usage:        5 bytes
 Hardware stack levels used:    1
 Hardware stack levels required when called:    3
 This function calls:
		_MEMS_SDA_ReadBit
		_MEMS_i2c_Ack
		_MEMS_i2c_Delay
		_MEMS_i2c_NAck
 This function is called by:
		_MPU6050_ReadData
		_AK8963_ReadData
 This function uses a non-reentrant model


 *************** function _MEMS_i2c_NAck *****************
 Defined at:
		line 134 in file "MPU9250.c"
 Parameters:    Size  Location     Type
		None
 Auto vars:     Size  Location     Type
		None
 Return value:  Size  Location     Type
		None               void
 Registers used:
		status,2, status,0, pclath, cstack
 Tracked objects:
		On entry : 
		On exit  : 
		Unchanged: 
 Data sizes:     COMMON   BANK0   BANK1   BANK2
      Params:         0       0       0       0
      Locals:         0       0       0       0
      Temps:          0       0       0       0
      Totals:         0       0       0       0
Total ram usage:        0 bytes
 Hardware stack levels used:    1
 Hardware stack levels required when called:    2
 This function calls:
		_MEMS_i2c_Delay
 This function is called by:
		_MEMS_i2c_ReadByte
 This function uses a non-reentrant model


 *************** function _MEMS_i2c_Ack *****************
 Defined at:
		line 122 in file "MPU9250.c"
 Parameters:    Size  Location     Type
		None
 Auto vars:     Size  Location     Type
		None
 Return value:  Size  Location     Type
		None               void
 Registers used:
		status,2, status,0, pclath, cstack
 Tracked objects:
		On entry : 
		On exit  : 
		Unchanged: 
 Data sizes:     COMMON   BANK0   BANK1   BANK2
      Params:         0       0       0       0
      Locals:         0       0       0       0
      Temps:          0       0       0       0
      Totals:         0       0       0       0
Total ram usage:        0 bytes
 Hardware stack levels used:    1
 Hardware stack levels required when called:    2
 This function calls:
		_MEMS_i2c_Delay
 This function is called by:
		_MEMS_i2c_ReadByte
 This function uses a non-reentrant model


 *************** function _MEMS_i2c_Delay *****************
 Defined at:
		line 80 in file "MPU9250.c"
 Parameters:    Size  Location     Type
		None
 Auto vars:     Size  Location     Type
		None
 Return value:  Size  Location     Type
		None               void
 Registers used:
		None
 Tracked objects:
		On entry : 
		On exit  : 
		Unchanged: 
 Data sizes:     COMMON   BANK0   BANK1   BANK2
      Params:         0       0       0       0
      Locals:         0       0       0       0
      Temps:          0       0       0       0
      Totals:         0       0       0       0
Total ram usage:        0 bytes
 Hardware stack levels used:    1
 Hardware stack levels required when called:    1
 This function calls:
		Nothing
 This function is called by:
		_MEMS_i2c_Start
		_MEMS_i2c_Stop
		_MEMS_i2c_Ack
		_MEMS_i2c_NAck
		_MEMS_i2c_SendByte
		_MEMS_i2c_ReadByte
		_MEMS_i2c_WaitAck
 This function uses a non-reentrant model


 *************** function _MEMS_SDA_ReadBit *****************
 Defined at:
		line 85 in file "MPU9250.c"
 Parameters:    Size  Location     Type
		None
 Auto vars:     Size  Location     Type
  bitVal          1    4[COMMON] unsigned char 
 Return value:  Size  Location     Type
                  1    wreg      unsigned char 
 Registers used:
		wreg, status,2
 Tracked objects:
		On entry : 
		On exit  : 
		Unchanged: 
 Data sizes:     COMMON   BANK0   BANK1   BANK2
      Params:         0       0       0       0
      Locals:         1       0       0       0
      Temps:          0       0       0       0
      Totals:         1       0       0       0
Total ram usage:        1 bytes
 Hardware stack levels used:    1
 Hardware stack levels required when called:    1
 This function calls:
		Nothing
 This function is called by:
		_MEMS_i2c_ReadByte
		_MEMS_i2c_WaitAck
 This function uses a non-reentrant model


 *************** function _MLX_Sensors_CheckInit *****************
 Defined at:
		line 225 in file "MLX90632.c"
 Parameters:    Size  Location     Type
		None
 Auto vars:     Size  Location     Type
  ReadData        2   36[BANK0 ] unsigned char [2]
  refreshReg      2   34[BANK0 ] unsigned int 
  i               1   38[BANK0 ] unsigned char 
 Return value:  Size  Location     Type
                  1    wreg      unsigned char 
 Registers used:
		wreg, fsr0l, fsr0h, status,2, status,0, btemp+1, pclath, cstack
 Tracked objects:
		On entry : 
		On exit  : 
		Unchanged: 
 Data sizes:     COMMON   BANK0   BANK1   BANK2
      Params:         0       0       0       0
      Locals:         0       5       0       0
      Temps:          0       4       0       0
      Totals:         0       9       0       0
Total ram usage:        9 bytes
 Hardware stack levels used:    1
 Hardware stack levels required when called:    7
 This function calls:
		_Delay_ms
		_MLX632_AddressedRead
		_MLX632_AddressedWrite
		_MLX_RefreshRate_Set
		_Total_TSen_I2C_Init
		_Usart_Sendbytes
		_Usart_Sendonebyte
 This function is called by:
		_main
 This function uses a non-reentrant model


 *************** function _Usart_Sendbytes *****************
 Defined at:
		line 42 in file "PIC_UART.c"
 Parameters:    Size  Location     Type
  s               1    wreg     PTR unsigned char 
		 -> STR_4(13), STR_3(20), STR_2(8), STR_1(12), 
 Auto vars:     Size  Location     Type
  s               1    6[COMMON] PTR unsigned char 
		 -> STR_4(13), STR_3(20), STR_2(8), STR_1(12), 
 Return value:  Size  Location     Type
		None               void
 Registers used:
		wreg, fsr0l, fsr0h, status,2, status,0, pclath, cstack
 Tracked objects:
		On entry : 
		On exit  : 
		Unchanged: 
 Data sizes:     COMMON   BANK0   BANK1   BANK2
      Params:         0       0       0       0
      Locals:         1       0       0       0
      Temps:          1       0       0       0
      Totals:         2       0       0       0
Total ram usage:        2 bytes
 Hardware stack levels used:    1
 Hardware stack levels required when called:    2
 This function calls:
		_Usart_Sendonebyte
 This function is called by:
		_MLX_Sensors_CheckInit
		_main
 This function uses a non-reentrant model


 *************** function _Usart_Sendonebyte *****************
 Defined at:
		line 27 in file "PIC_UART.c"
 Parameters:    Size  Location     Type
  data            1    wreg     unsigned char 
 Auto vars:     Size  Location     Type
  data            1    4[COMMON] unsigned char 
 Return value:  Size  Location     Type
		None               void
 Registers used:
		wreg
 Tracked objects:
		On entry : 
		On exit  : 
		Unchanged: 
 Data sizes:     COMMON   BANK0   BANK1   BANK2
      Params:         0       0       0       0
      Locals:         1       0       0       0
      Temps:          0       0       0       0
      Totals:         1       0       0       0
Total ram usage:        1 bytes
 Hardware stack levels used:    1
 Hardware stack levels required when called:    1
 This function calls:
		Nothing
 This function is called by:
		_MLX_Sensors_CheckInit
		_Usart_Sendbytes
		_main
 This function uses a non-reentrant model


 *************** function _Total_TSen_I2C_Init *****************
 Defined at:
		line 625 in file "GPIO_I2C.c"
 Parameters:    Size  Location     Type
		None
 Auto vars:     Size  Location     Type
		None
 Return value:  Size  Location     Type
		None               void
 Registers used:
		None
 Tracked objects:
		On entry : 
		On exit  : 
		Unchanged: 
 Data sizes:     COMMON   BANK0   BANK1   BANK2
      Params:         0       0       0       0
      Locals:         0       0       0       0
      Temps:          0       0       0       0
      Totals:         0       0       0       0
Total ram usage:        0 bytes
 Hardware stack levels used:    1
 Hardware stack levels required when called:    1
 This function calls:
		Nothing
 This function is called by:
		_MLX_Sensors_CheckInit
 This function uses a non-reentrant model


 *************** function _MLX_RefreshRate_Set *****************
 Defined at:
		line 199 in file "MLX90632.c"
 Parameters:    Size  Location     Type
  RefRate         2   19[BANK0 ] unsigned int 
 Auto vars:     Size  Location     Type
  ReadData        2   27[BANK0 ] unsigned char [2]
  refreshReg      2   25[BANK0 ] unsigned int 
  i               1   29[BANK0 ] unsigned char 
 Return value:  Size  Location     Type
                  1    wreg      unsigned char 
 Registers used:
		wreg, fsr0l, fsr0h, status,2, status,0, btemp+1, pclath, cstack
 Tracked objects:
		On entry : 
		On exit  : 
		Unchanged: 
 Data sizes:     COMMON   BANK0   BANK1   BANK2
      Params:         0       2       0       0
      Locals:         0       5       0       0
      Temps:          0       4       0       0
      Totals:         0      11       0       0
Total ram usage:       11 bytes
 Hardware stack levels used:    1
 Hardware stack levels required when called:    6
 This function calls:
		_Delay_ms
		_MLX632_AddressedRead
		_MLX632_EEPROM_Write
 This function is called by:
		_MLX_Sensors_CheckInit
 This function uses a non-reentrant model


 *************** function _MLX632_EEPROM_Write *****************
 Defined at:
		line 183 in file "MLX90632.c"
 Parameters:    Size  Location     Type
  ID              1    wreg     unsigned char 
  EE_addr         2   14[BANK0 ] unsigned int 
  data            2   16[BANK0 ] unsigned int 
 Auto vars:     Size  Location     Type
  ID              1   18[BANK0 ] unsigned char 
 Return value:  Size  Location     Type
		None               void
 Registers used:
		wreg, fsr0l, fsr0h, status,2, status,0, pclath, cstack
 Tracked objects:
		On entry : 
		On exit  : 
		Unchanged: 
 Data sizes:     COMMON   BANK0   BANK1   BANK2
      Params:         0       4       0       0
      Locals:         0       1       0       0
      Temps:          1       0       0       0
      Totals:         1       5       0       0
Total ram usage:        6 bytes
 Hardware stack levels used:    1
 Hardware stack levels required when called:    5
 This function calls:
		_Delay_ms
		_MLX632_AddressedWrite
 This function is called by:
		_MLX_RefreshRate_Set
 This function uses a non-reentrant model


 *************** function _Delay_ms *****************
 Defined at:
		line 37 in file "SmartSensor_main.c"
 Parameters:    Size  Location     Type
  ms              2    4[COMMON] unsigned int 
 Auto vars:     Size  Location     Type
  a               2    6[COMMON] unsigned int 
 Return value:  Size  Location     Type
		None               void
 Registers used:
		wreg, status,2, status,0
 Tracked objects:
		On entry : 
		On exit  : 
		Unchanged: 
 Data sizes:     COMMON   BANK0   BANK1   BANK2
      Params:         2       0       0       0
      Locals:         2       0       0       0
      Temps:          0       0       0       0
      Totals:         4       0       0       0
Total ram usage:        4 bytes
 Hardware stack levels used:    1
 Hardware stack levels required when called:    1
 This function calls:
		Nothing
 This function is called by:
		_MLX632_EEPROM_Write
		_MLX_RefreshRate_Set
		_MLX_Sensors_CheckInit
		_MPU9250_Init
		_main
 This function uses a non-reentrant model


 *************** function _MLX90632_Temp_Measuring *****************
 Defined at:
		line 332 in file "MLX90632.c"
 Parameters:    Size  Location     Type
  ID              1    wreg     unsigned char 
  MLX632_Data     1    8[BANK0 ] PTR unsigned int 
		 -> MLX632_ReadData(20), 
 Auto vars:     Size  Location     Type
  ID              1   11[BANK0 ] unsigned char 
  j               1   12[BANK0 ] unsigned char 
 Return value:  Size  Location     Type
                  1    wreg      unsigned char 
 Registers used:
		wreg, fsr0l, fsr0h, status,2, status,0, pclath, cstack
 Tracked objects:
		On entry : 
		On exit  : 
		Unchanged: 
 Data sizes:     COMMON   BANK0   BANK1   BANK2
      Params:         0       1       0       0
      Locals:         0       2       0       0
      Temps:          0       2       0       0
      Totals:         0       5       0       0
Total ram usage:        5 bytes
 Hardware stack levels used:    1
 Hardware stack levels required when called:    5
 This function calls:
		_MLX632RAM_DirectRead
		_Usart_Send_Twobyte
 This function is called by:
		_main
 This function uses a non-reentrant model


 *************** function _Usart_Send_Twobyte *****************
 Defined at:
		line 34 in file "PIC_UART.c"
 Parameters:    Size  Location     Type
  data            2    4[COMMON] unsigned int 
 Auto vars:     Size  Location     Type
		None
 Return value:  Size  Location     Type
		None               void
 Registers used:
		wreg, status,2
 Tracked objects:
		On entry : 
		On exit  : 
		Unchanged: 
 Data sizes:     COMMON   BANK0   BANK1   BANK2
      Params:         2       0       0       0
      Locals:         0       0       0       0
      Temps:          0       0       0       0
      Totals:         2       0       0       0
Total ram usage:        2 bytes
 Hardware stack levels used:    1
 Hardware stack levels required when called:    1
 This function calls:
		Nothing
 This function is called by:
		_MLX90632_Temp_Measuring
		_MPU9250_Measuring
 This function uses a non-reentrant model


 *************** function _MLX632RAM_DirectRead *****************
 Defined at:
		line 122 in file "MLX90632.c"
 Parameters:    Size  Location     Type
  ID              1    wreg     unsigned char 
  pBuf            1    5[BANK0 ] PTR unsigned char 
		 -> TempBuffer(22), 
  nBytes          1    6[BANK0 ] unsigned char 
 Auto vars:     Size  Location     Type
  ID              1    7[BANK0 ] unsigned char 
 Return value:  Size  Location     Type
                  1    wreg      unsigned char 
 Registers used:
		wreg, fsr0l, fsr0h, status,2, status,0, pclath, cstack
 Tracked objects:
		On entry : 
		On exit  : 
		Unchanged: 
 Data sizes:     COMMON   BANK0   BANK1   BANK2
      Params:         0       2       0       0
      Locals:         0       1       0       0
      Temps:          1       0       0       0
      Totals:         1       3       0       0
Total ram usage:        4 bytes
 Hardware stack levels used:    1
 Hardware stack levels required when called:    4
 This function calls:
		_IIC_Read_Byte
		_IIC_Send_Byte
		_IIC_Start
		_IIC_Stop
		_IIC_Wait_Ack
 This function is called by:
		_MLX90632_Temp_Measuring
 This function uses a non-reentrant model


 *************** function _MLX90632_Start_Measurement *****************
 Defined at:
		line 264 in file "MLX90632.c"
 Parameters:    Size  Location     Type
  ID              1    wreg     unsigned char 
 Auto vars:     Size  Location     Type
  ID              1   20[BANK0 ] unsigned char 
  ReadData        2   18[BANK0 ] unsigned char [2]
  ret             1   21[BANK0 ] unsigned char 
  tries           1   17[BANK0 ] unsigned char 
 Return value:  Size  Location     Type
                  1    wreg      unsigned char 
 Registers used:
		wreg, fsr0l, fsr0h, status,2, status,0, pclath, cstack
 Tracked objects:
		On entry : 
		On exit  : 
		Unchanged: 
 Data sizes:     COMMON   BANK0   BANK1   BANK2
      Params:         0       0       0       0
      Locals:         0       5       0       0
      Temps:          0       3       0       0
      Totals:         0       8       0       0
Total ram usage:        8 bytes
 Hardware stack levels used:    1
 Hardware stack levels required when called:    5
 This function calls:
		_MLX632_AddressedRead
		_MLX632_AddressedWrite
 This function is called by:
		_main
 This function uses a non-reentrant model


 *************** function _MLX632_AddressedWrite *****************
 Defined at:
		line 149 in file "MLX90632.c"
 Parameters:    Size  Location     Type
  ID              1    wreg     unsigned char 
  Reg_addr        2    3[BANK0 ] unsigned int 
  data            2    5[BANK0 ] unsigned int 
  nBytes          1    7[BANK0 ] unsigned char 
 Auto vars:     Size  Location     Type
  ID              1   13[BANK0 ] unsigned char 
  pBuf            4    8[BANK0 ] unsigned char [4]
  i               1   12[BANK0 ] unsigned char 
 Return value:  Size  Location     Type
                  1    wreg      unsigned char 
 Registers used:
		wreg, fsr0l, fsr0h, status,2, status,0, pclath, cstack
 Tracked objects:
		On entry : 
		On exit  : 
		Unchanged: 
 Data sizes:     COMMON   BANK0   BANK1   BANK2
      Params:         0       5       0       0
      Locals:         0       6       0       0
      Temps:          1       0       0       0
      Totals:         1      11       0       0
Total ram usage:       12 bytes
 Hardware stack levels used:    1
 Hardware stack levels required when called:    4
 This function calls:
		_IIC_Send_Byte
		_IIC_Start
		_IIC_Stop
		_IIC_Wait_Ack
 This function is called by:
		_MLX632_EEPROM_Write
		_MLX_Sensors_CheckInit
		_MLX90632_Start_Measurement
 This function uses a non-reentrant model


 *************** function _MLX632_AddressedRead *****************
 Defined at:
		line 75 in file "MLX90632.c"
 Parameters:    Size  Location     Type
  ID              1    wreg     unsigned char 
  Reg_addr        2    5[BANK0 ] unsigned int 
  ppBuf           1    7[BANK0 ] PTR unsigned char 
		 -> MLX90632_Start_Measurement@ReadData(2), MLX_Sensors_CheckInit@ReadData(2), MLX_RefreshRate_Set@ReadData(2), 
  nBytes          1    8[BANK0 ] unsigned char 
 Auto vars:     Size  Location     Type
  ID              1   13[BANK0 ] unsigned char 
  pBuf            3    9[BANK0 ] unsigned char [3]
  i               1   12[BANK0 ] unsigned char 
 Return value:  Size  Location     Type
                  1    wreg      unsigned char 
 Registers used:
		wreg, fsr0l, fsr0h, status,2, status,0, pclath, cstack
 Tracked objects:
		On entry : 
		On exit  : 
		Unchanged: 
 Data sizes:     COMMON   BANK0   BANK1   BANK2
      Params:         0       4       0       0
      Locals:         0       5       0       0
      Temps:          1       0       0       0
      Totals:         1       9       0       0
Total ram usage:       10 bytes
 Hardware stack levels used:    1
 Hardware stack levels required when called:    4
 This function calls:
		_IIC_Read_Byte
		_IIC_Send_Byte
		_IIC_Start
		_IIC_Stop
		_IIC_Wait_Ack
 This function is called by:
		_MLX_RefreshRate_Set
		_MLX_Sensors_CheckInit
		_MLX90632_Start_Measurement
 This function uses a non-reentrant model


 *************** function _IIC_Wait_Ack *****************
 Defined at:
		line 509 in file "GPIO_I2C.c"
 Parameters:    Size  Location     Type
  I2C_Index       1    wreg     unsigned char 
 Auto vars:     Size  Location     Type
  I2C_Index       1    0[BANK0 ] unsigned char 
  nbit            1    2[BANK0 ] unsigned char 
  ucErrTime       1    1[BANK0 ] unsigned char 
 Return value:  Size  Location     Type
                  1    wreg      unsigned char 
 Registers used:
		wreg, fsr0l, fsr0h, status,2, status,0, pclath, cstack
 Tracked objects:
		On entry : 
		On exit  : 
		Unchanged: 
 Data sizes:     COMMON   BANK0   BANK1   BANK2
      Params:         0       0       0       0
      Locals:         0       3       0       0
      Temps:          1       0       0       0
      Totals:         1       3       0       0
Total ram usage:        4 bytes
 Hardware stack levels used:    1
 Hardware stack levels required when called:    3
 This function calls:
		_GPIO_ReadBit
		_IIC_Delay
		_IIC_Stop
 This function is called by:
		_MLX632_AddressedRead
		_MLX632RAM_DirectRead
		_MLX632_AddressedWrite
 This function uses a non-reentrant model


 *************** function _IIC_Stop *****************
 Defined at:
		line 152 in file "GPIO_I2C.c"
 Parameters:    Size  Location     Type
  I2C_Index       1    wreg     unsigned char 
 Auto vars:     Size  Location     Type
  I2C_Index       1    4[COMMON] unsigned char 
 Return value:  Size  Location     Type
		None               void
 Registers used:
		wreg, fsr0l, fsr0h, status,2, status,0, pclath, cstack
 Tracked objects:
		On entry : 
		On exit  : 
		Unchanged: 
 Data sizes:     COMMON   BANK0   BANK1   BANK2
      Params:         0       0       0       0
      Locals:         1       0       0       0
      Temps:          0       0       0       0
      Totals:         1       0       0       0
Total ram usage:        1 bytes
 Hardware stack levels used:    1
 Hardware stack levels required when called:    2
 This function calls:
		_IIC_Delay
 This function is called by:
		_IIC_Wait_Ack
		_MLX632_AddressedRead
		_MLX632RAM_DirectRead
		_MLX632_AddressedWrite
 This function uses a non-reentrant model


 *************** function _IIC_Start *****************
 Defined at:
		line 99 in file "GPIO_I2C.c"
 Parameters:    Size  Location     Type
  I2C_Index       1    wreg     unsigned char 
 Auto vars:     Size  Location     Type
  I2C_Index       1    4[COMMON] unsigned char 
 Return value:  Size  Location     Type
		None               void
 Registers used:
		wreg, fsr0l, fsr0h, status,2, status,0, pclath, cstack
 Tracked objects:
		On entry : 
		On exit  : 
		Unchanged: 
 Data sizes:     COMMON   BANK0   BANK1   BANK2
      Params:         0       0       0       0
      Locals:         1       0       0       0
      Temps:          0       0       0       0
      Totals:         1       0       0       0
Total ram usage:        1 bytes
 Hardware stack levels used:    1
 Hardware stack levels required when called:    2
 This function calls:
		_IIC_Delay
 This function is called by:
		_MLX632_AddressedRead
		_MLX632RAM_DirectRead
		_MLX632_AddressedWrite
 This function uses a non-reentrant model


 *************** function _IIC_Send_Byte *****************
 Defined at:
		line 299 in file "GPIO_I2C.c"
 Parameters:    Size  Location     Type
  I2C_Index       1    wreg     unsigned char 
  data            1    4[COMMON] unsigned char 
 Auto vars:     Size  Location     Type
  I2C_Index       1    6[COMMON] unsigned char 
  i               1    7[COMMON] unsigned char 
 Return value:  Size  Location     Type
		None               void
 Registers used:
		wreg, fsr0l, fsr0h, status,2, status,0, pclath, cstack
 Tracked objects:
		On entry : 
		On exit  : 
		Unchanged: 
 Data sizes:     COMMON   BANK0   BANK1   BANK2
      Params:         1       0       0       0
      Locals:         2       0       0       0
      Temps:          1       0       0       0
      Totals:         4       0       0       0
Total ram usage:        4 bytes
 Hardware stack levels used:    1
 Hardware stack levels required when called:    2
 This function calls:
		_IIC_Delay
 This function is called by:
		_MLX632_AddressedRead
		_MLX632RAM_DirectRead
		_MLX632_AddressedWrite
 This function uses a non-reentrant model


 *************** function _IIC_Read_Byte *****************
 Defined at:
		line 406 in file "GPIO_I2C.c"
 Parameters:    Size  Location     Type
  I2C_Index       1    wreg     unsigned char 
  ack             1    7[COMMON] unsigned char 
 Auto vars:     Size  Location     Type
  I2C_Index       1    0[BANK0 ] unsigned char 
  i               1    4[BANK0 ] unsigned char 
  receive         1    3[BANK0 ] unsigned char 
  nbit            1    2[BANK0 ] unsigned char 
  bytes           1    1[BANK0 ] unsigned char 
 Return value:  Size  Location     Type
                  1    wreg      unsigned char 
 Registers used:
		wreg, fsr0l, fsr0h, status,2, status,0, pclath, cstack
 Tracked objects:
		On entry : 
		On exit  : 
		Unchanged: 
 Data sizes:     COMMON   BANK0   BANK1   BANK2
      Params:         1       0       0       0
      Locals:         0       5       0       0
      Temps:          1       0       0       0
      Totals:         2       5       0       0
Total ram usage:        7 bytes
 Hardware stack levels used:    1
 Hardware stack levels required when called:    3
 This function calls:
		_GPIO_ReadBit
		_IIC_Ack
		_IIC_Delay
		_IIC_NAck
 This function is called by:
		_MLX632_AddressedRead
		_MLX632RAM_DirectRead
 This function uses a non-reentrant model


 *************** function _IIC_NAck *****************
 Defined at:
		line 250 in file "GPIO_I2C.c"
 Parameters:    Size  Location     Type
  I2C_Index       1    wreg     unsigned char 
 Auto vars:     Size  Location     Type
  I2C_Index       1    4[COMMON] unsigned char 
 Return value:  Size  Location     Type
		None               void
 Registers used:
		wreg, fsr0l, fsr0h, status,2, status,0, pclath, cstack
 Tracked objects:
		On entry : 
		On exit  : 
		Unchanged: 
 Data sizes:     COMMON   BANK0   BANK1   BANK2
      Params:         0       0       0       0
      Locals:         1       0       0       0
      Temps:          0       0       0       0
      Totals:         1       0       0       0
Total ram usage:        1 bytes
 Hardware stack levels used:    1
 Hardware stack levels required when called:    2
 This function calls:
		_IIC_Delay
 This function is called by:
		_IIC_Read_Byte
 This function uses a non-reentrant model


 *************** function _IIC_Ack *****************
 Defined at:
		line 201 in file "GPIO_I2C.c"
 Parameters:    Size  Location     Type
  I2C_Index       1    wreg     unsigned char 
 Auto vars:     Size  Location     Type
  I2C_Index       1    4[COMMON] unsigned char 
 Return value:  Size  Location     Type
		None               void
 Registers used:
		wreg, fsr0l, fsr0h, status,2, status,0, pclath, cstack
 Tracked objects:
		On entry : 
		On exit  : 
		Unchanged: 
 Data sizes:     COMMON   BANK0   BANK1   BANK2
      Params:         0       0       0       0
      Locals:         1       0       0       0
      Temps:          0       0       0       0
      Totals:         1       0       0       0
Total ram usage:        1 bytes
 Hardware stack levels used:    1
 Hardware stack levels required when called:    2
 This function calls:
		_IIC_Delay
 This function is called by:
		_IIC_Read_Byte
 This function uses a non-reentrant model


 *************** function _IIC_Delay *****************
 Defined at:
		line 63 in file "GPIO_I2C.c"
 Parameters:    Size  Location     Type
		None
 Auto vars:     Size  Location     Type
		None
 Return value:  Size  Location     Type
		None               void
 Registers used:
		None
 Tracked objects:
		On entry : 
		On exit  : 
		Unchanged: 
 Data sizes:     COMMON   BANK0   BANK1   BANK2
      Params:         0       0       0       0
      Locals:         0       0       0       0
      Temps:          0       0       0       0
      Totals:         0       0       0       0
Total ram usage:        0 bytes
 Hardware stack levels used:    1
 Hardware stack levels required when called:    1
 This function calls:
		Nothing
 This function is called by:
		_IIC_Start
		_IIC_Stop
		_IIC_Ack
		_IIC_NAck
		_IIC_Send_Byte
		_IIC_Read_Byte
		_IIC_Wait_Ack
 This function uses a non-reentrant model


 *************** function _GPIO_ReadBit *****************
 Defined at:
		line 69 in file "GPIO_I2C.c"
 Parameters:    Size  Location     Type
  I2C_Index       1    wreg     unsigned char 
 Auto vars:     Size  Location     Type
  I2C_Index       1    4[COMMON] unsigned char 
  tempval         1    6[COMMON] unsigned char 
  bitVal          1    5[COMMON] unsigned char 
 Return value:  Size  Location     Type
                  1    wreg      unsigned char 
 Registers used:
		wreg, fsr0l, fsr0h, status,2, status,0
 Tracked objects:
		On entry : 
		On exit  : 
		Unchanged: 
 Data sizes:     COMMON   BANK0   BANK1   BANK2
      Params:         0       0       0       0
      Locals:         3       0       0       0
      Temps:          0       0       0       0
      Totals:         3       0       0       0
Total ram usage:        3 bytes
 Hardware stack levels used:    1
 Hardware stack levels required when called:    1
 This function calls:
		Nothing
 This function is called by:
		_IIC_Read_Byte
		_IIC_Wait_Ack
 This function uses a non-reentrant model


 *************** function _ISR *****************
 Defined at:
		line 48 in file "SmartSensor_main.c"
 Parameters:    Size  Location     Type
		None
 Auto vars:     Size  Location     Type
		None
 Return value:  Size  Location     Type
		None               void
 Registers used:
		None
 Tracked objects:
		On entry : 
		On exit  : 
		Unchanged: 
 Data sizes:     COMMON   BANK0   BANK1   BANK2
      Params:         0       0       0       0
      Locals:         0       0       0       0
      Temps:          4       0       0       0
      Totals:         4       0       0       0
Total ram usage:        4 bytes
 Hardware stack levels used:    1
 This function calls:
		Nothing
 This function is called by:
		Interrupt level 1
 This function uses a non-reentrant model



MODULE INFORMATION

Module		Function		Class		Link	Load	Size
PIC_UART.c
		_Usart_Init    		CODE           	09E1	0000	20
		_Usart_Sendoneb		CODE           	0990	0000	10
		_Usart_Sendbyte		CODE           	0A0A	0000	22
		_Usart_Send_Two		CODE           	09BC	0000	17

PIC_UART.c estimated size: 69

SmartSensor_main.c
		_ISR           		CODE           	09A4	0000	11
		_main          		CODE           	04FD	0000	151
		_Delay_ms      		CODE           	0ABB	0000	29

SmartSensor_main.c estimated size: 191

GPIO_I2C.c
		_IIC_Stop      		CODE           	0F8F	0000	113
		_IIC_Wait_Ack  		CODE           	031E	0000	171
		_IIC_Read_Byte 		CODE           	014E	0000	255
		_IIC_Delay     		CODE           	098E	0000	2
		_IIC_Send_Byte 		CODE           	024D	0000	209
		_IIC_Ack       		CODE           	0EAD	0000	113
		_IIC_NAck      		CODE           	0F1E	0000	113
		_IIC_Start     		CODE           	06A8	0000	125
		_GPIO_ReadBit  		CODE           	0B7D	0000	53
		_Total_TSen_I2C		CODE           	0BEA	0000	61

GPIO_I2C.c estimated size: 1215

C:\Program Files (x86)\Microchip\xc8\v1.32\sources\common\lwdiv.c
		___lwdiv       		CODE           	0C64	0000	64

C:\Program Files (x86)\Microchip\xc8\v1.32\sources\common\lwdiv.c estimated size: 64

shared
		__stringtab    		STRING         	0800	0000	6
		__stringdata   		STRING         	0806	0000	53
		__initializatio		CODE           	0013	0000	12

shared estimated size: 71

MPU9250.c
		_MPU6050ReadGyr		CODE           	0B23	0000	41
		_MPU9250_Init  		CODE           	03C9	0000	154
		_MPU_Set_LPF   		CODE           	0C27	0000	61
		_MPU9250_Measur		CODE           	0594	0000	138
		_MEMS_I2C_GPIO_		CODE           	09AF	0000	13
		_MPU_Set_Rate  		CODE           	0CA4	0000	69
		_AK8963_ReadDat		CODE           	0D83	0000	87
		_AK8963_WriteRe		CODE           	0A83	0000	28
		_MPU_Set_Gyro_F		CODE           	09F5	0000	21
		_MPU6050_ReadDa		CODE           	07A0	0000	87
		_MPU6050_WriteR		CODE           	0A9F	0000	28
		_MPU_Set_Accel_		CODE           	09CD	0000	20
		_MEMS_SDA_ReadB		CODE           	099A	0000	10
		_MPU6050ReadAcc		CODE           	0AFA	0000	41
		_MEMS_i2c_Ack  		CODE           	0A20	0000	24
		_MEMS_i2c_WaitA		CODE           	0AD8	0000	34
		_MEMS_i2c_NAck 		CODE           	0A38	0000	24
		_MEMS_i2c_Stop 		CODE           	0A50	0000	24
		_MEMS_i2c_ReadB		CODE           	0BB2	0000	56
		_MEMS_i2c_SendB		CODE           	0B4C	0000	49
		_MEMS_i2c_Delay		CODE           	0002	0000	2
		_MEMS_i2c_Start		CODE           	0A68	0000	27

MPU9250.c estimated size: 1038

MLX90632.c
		_MLX632_Address		CODE           	061E	0000	138
		_MLX90632_Temp_		CODE           	0022	0000	300
		_MLX632RAM_Dire		CODE           	0CE9	0000	71
		_MLX632_EEPROM_		CODE           	0E42	0000	107
		_MLX_RefreshRat		CODE           	0725	0000	123
		_MLX90632_Start		CODE           	0D30	0000	83
		_MLX632_Address		CODE           	0DDA	0000	104
		_MLX_Sensors_Ch		CODE           	0463	0000	154

MLX90632.c estimated size: 1080

